// Jest Snapshot v1, https://goo.gl/fbAQLP

exports[`Prueba <App /> Debe de mostrar el componente <App /> 1`] = `
<Fragment>
  <h2>
    GifExpertApp
  </h2>
  <AddCategory
    setCategories={[Function]}
  />
  <hr />
  <ol>
    <GifGrid
      category="Dragon Ball Z"
      key="Dragon Ball Z"
    />
  </ol>
</Fragment>
`;
